
Allocating common symbols
Common symbol       size              file

currentTimer        0x2               ..\obj\main.o
lcdBuffer           0x100             ..\obj\wh160x_buffer.o
period              0x2               ..\obj\main.o
byteToSend          0x1               ..\obj\wh160x_data_exchange.o
lastTimer           0x2               ..\obj\main.o

Discarded input sections

 .text          0x00000000        0x0 ..\obj\stm32f10x_tim.o
 .data          0x00000000        0x0 ..\obj\stm32f10x_tim.o
 .bss           0x00000000        0x0 ..\obj\stm32f10x_tim.o
 .text.TIM_DeInit
                0x00000000      0x22c ..\obj\stm32f10x_tim.o
 .text.TIM_TimeBaseInit
                0x00000000       0xf8 ..\obj\stm32f10x_tim.o
 .text.TIM_OC1Init
                0x00000000      0x118 ..\obj\stm32f10x_tim.o
 .text.TIM_OC2Init
                0x00000000      0x110 ..\obj\stm32f10x_tim.o
 .text.TIM_OC3Init
                0x00000000      0x10c ..\obj\stm32f10x_tim.o
 .text.TIM_OC4Init
                0x00000000       0xd0 ..\obj\stm32f10x_tim.o
 .text.TIM_ICInit
                0x00000000       0xa8 ..\obj\stm32f10x_tim.o
 .text.TIM_PWMIConfig
                0x00000000       0xb8 ..\obj\stm32f10x_tim.o
 .text.TIM_BDTRConfig
                0x00000000       0x50 ..\obj\stm32f10x_tim.o
 .text.TIM_TimeBaseStructInit
                0x00000000       0x34 ..\obj\stm32f10x_tim.o
 .text.TIM_OCStructInit
                0x00000000       0x44 ..\obj\stm32f10x_tim.o
 .text.TIM_ICStructInit
                0x00000000       0x30 ..\obj\stm32f10x_tim.o
 .text.TIM_BDTRStructInit
                0x00000000       0x3c ..\obj\stm32f10x_tim.o
 .text.TIM_Cmd  0x00000000       0x40 ..\obj\stm32f10x_tim.o
 .text.TIM_CtrlPWMOutputs
                0x00000000       0x4c ..\obj\stm32f10x_tim.o
 .text.TIM_ITConfig
                0x00000000       0x48 ..\obj\stm32f10x_tim.o
 .text.TIM_GenerateEvent
                0x00000000       0x1c ..\obj\stm32f10x_tim.o
 .text.TIM_DMAConfig
                0x00000000       0x28 ..\obj\stm32f10x_tim.o
 .text.TIM_DMACmd
                0x00000000       0x48 ..\obj\stm32f10x_tim.o
 .text.TIM_InternalClockConfig
                0x00000000       0x24 ..\obj\stm32f10x_tim.o
 .text.TIM_ITRxExternalClockConfig
                0x00000000       0x2c ..\obj\stm32f10x_tim.o
 .text.TIM_TIxExternalClockConfig
                0x00000000       0x60 ..\obj\stm32f10x_tim.o
 .text.TIM_ETRClockMode1Config
                0x00000000       0x5c ..\obj\stm32f10x_tim.o
 .text.TIM_ETRClockMode2Config
                0x00000000       0x3c ..\obj\stm32f10x_tim.o
 .text.TIM_ETRConfig
                0x00000000       0x54 ..\obj\stm32f10x_tim.o
 .text.TIM_PrescalerConfig
                0x00000000       0x28 ..\obj\stm32f10x_tim.o
 .text.TIM_CounterModeConfig
                0x00000000       0x38 ..\obj\stm32f10x_tim.o
 .text.TIM_SelectInputTrigger
                0x00000000       0x38 ..\obj\stm32f10x_tim.o
 .text.TIM_EncoderInterfaceConfig
                0x00000000       0x98 ..\obj\stm32f10x_tim.o
 .text.TIM_ForcedOC1Config
                0x00000000       0x38 ..\obj\stm32f10x_tim.o
 .text.TIM_ForcedOC2Config
                0x00000000       0x3c ..\obj\stm32f10x_tim.o
 .text.TIM_ForcedOC3Config
                0x00000000       0x38 ..\obj\stm32f10x_tim.o
 .text.TIM_ForcedOC4Config
                0x00000000       0x3c ..\obj\stm32f10x_tim.o
 .text.TIM_ARRPreloadConfig
                0x00000000       0x40 ..\obj\stm32f10x_tim.o
 .text.TIM_SelectCOM
                0x00000000       0x40 ..\obj\stm32f10x_tim.o
 .text.TIM_SelectCCDMA
                0x00000000       0x40 ..\obj\stm32f10x_tim.o
 .text.TIM_CCPreloadControl
                0x00000000       0x40 ..\obj\stm32f10x_tim.o
 .text.TIM_OC1PreloadConfig
                0x00000000       0x38 ..\obj\stm32f10x_tim.o
 .text.TIM_OC2PreloadConfig
                0x00000000       0x3c ..\obj\stm32f10x_tim.o
 .text.TIM_OC3PreloadConfig
                0x00000000       0x38 ..\obj\stm32f10x_tim.o
 .text.TIM_OC4PreloadConfig
                0x00000000       0x3c ..\obj\stm32f10x_tim.o
 .text.TIM_OC1FastConfig
                0x00000000       0x38 ..\obj\stm32f10x_tim.o
 .text.TIM_OC2FastConfig
                0x00000000       0x3c ..\obj\stm32f10x_tim.o
 .text.TIM_OC3FastConfig
                0x00000000       0x38 ..\obj\stm32f10x_tim.o
 .text.TIM_OC4FastConfig
                0x00000000       0x3c ..\obj\stm32f10x_tim.o
 .text.TIM_ClearOC1Ref
                0x00000000       0x38 ..\obj\stm32f10x_tim.o
 .text.TIM_ClearOC2Ref
                0x00000000       0x3c ..\obj\stm32f10x_tim.o
 .text.TIM_ClearOC3Ref
                0x00000000       0x38 ..\obj\stm32f10x_tim.o
 .text.TIM_ClearOC4Ref
                0x00000000       0x3c ..\obj\stm32f10x_tim.o
 .text.TIM_OC1PolarityConfig
                0x00000000       0x38 ..\obj\stm32f10x_tim.o
 .text.TIM_OC1NPolarityConfig
                0x00000000       0x38 ..\obj\stm32f10x_tim.o
 .text.TIM_OC2PolarityConfig
                0x00000000       0x3c ..\obj\stm32f10x_tim.o
 .text.TIM_OC2NPolarityConfig
                0x00000000       0x3c ..\obj\stm32f10x_tim.o
 .text.TIM_OC3PolarityConfig
                0x00000000       0x3c ..\obj\stm32f10x_tim.o
 .text.TIM_OC3NPolarityConfig
                0x00000000       0x3c ..\obj\stm32f10x_tim.o
 .text.TIM_OC4PolarityConfig
                0x00000000       0x3c ..\obj\stm32f10x_tim.o
 .text.TIM_CCxCmd
                0x00000000       0x54 ..\obj\stm32f10x_tim.o
 .text.TIM_CCxNCmd
                0x00000000       0x54 ..\obj\stm32f10x_tim.o
 .text.TIM_SelectOCxM
                0x00000000       0xac ..\obj\stm32f10x_tim.o
 .text.TIM_UpdateDisableConfig
                0x00000000       0x40 ..\obj\stm32f10x_tim.o
 .text.TIM_UpdateRequestConfig
                0x00000000       0x40 ..\obj\stm32f10x_tim.o
 .text.TIM_SelectHallSensor
                0x00000000       0x40 ..\obj\stm32f10x_tim.o
 .text.TIM_SelectOnePulseMode
                0x00000000       0x38 ..\obj\stm32f10x_tim.o
 .text.TIM_SelectOutputTrigger
                0x00000000       0x38 ..\obj\stm32f10x_tim.o
 .text.TIM_SelectSlaveMode
                0x00000000       0x38 ..\obj\stm32f10x_tim.o
 .text.TIM_SelectMasterSlaveMode
                0x00000000       0x38 ..\obj\stm32f10x_tim.o
 .text.TIM_SetCounter
                0x00000000       0x1c ..\obj\stm32f10x_tim.o
 .text.TIM_SetAutoreload
                0x00000000       0x1c ..\obj\stm32f10x_tim.o
 .text.TIM_SetCompare1
                0x00000000       0x1c ..\obj\stm32f10x_tim.o
 .text.TIM_SetCompare2
                0x00000000       0x1c ..\obj\stm32f10x_tim.o
 .text.TIM_SetCompare3
                0x00000000       0x1c ..\obj\stm32f10x_tim.o
 .text.TIM_SetCompare4
                0x00000000       0x20 ..\obj\stm32f10x_tim.o
 .text.TIM_SetIC1Prescaler
                0x00000000       0x38 ..\obj\stm32f10x_tim.o
 .text.TIM_SetIC2Prescaler
                0x00000000       0x3c ..\obj\stm32f10x_tim.o
 .text.TIM_SetIC3Prescaler
                0x00000000       0x38 ..\obj\stm32f10x_tim.o
 .text.TIM_SetIC4Prescaler
                0x00000000       0x3c ..\obj\stm32f10x_tim.o
 .text.TIM_SetClockDivision
                0x00000000       0x38 ..\obj\stm32f10x_tim.o
 .text.TIM_GetCapture1
                0x00000000       0x1c ..\obj\stm32f10x_tim.o
 .text.TIM_GetCapture2
                0x00000000       0x1c ..\obj\stm32f10x_tim.o
 .text.TIM_GetCapture3
                0x00000000       0x1c ..\obj\stm32f10x_tim.o
 .text.TIM_GetCapture4
                0x00000000       0x1c ..\obj\stm32f10x_tim.o
 .text.TIM_GetCounter
                0x00000000       0x1c ..\obj\stm32f10x_tim.o
 .text.TIM_GetPrescaler
                0x00000000       0x1c ..\obj\stm32f10x_tim.o
 .text.TIM_GetFlagStatus
                0x00000000       0x38 ..\obj\stm32f10x_tim.o
 .text.TIM_ClearFlag
                0x00000000       0x20 ..\obj\stm32f10x_tim.o
 .text.TIM_GetITStatus
                0x00000000       0x54 ..\obj\stm32f10x_tim.o
 .text.TIM_ClearITPendingBit
                0x00000000       0x20 ..\obj\stm32f10x_tim.o
 .text.TI1_Config
                0x00000000       0xe0 ..\obj\stm32f10x_tim.o
 .text.TI2_Config
                0x00000000       0xf4 ..\obj\stm32f10x_tim.o
 .text.TI3_Config
                0x00000000       0xec ..\obj\stm32f10x_tim.o
 .text.TI4_Config
                0x00000000       0xf8 ..\obj\stm32f10x_tim.o
 .debug_info    0x00000000     0x1c58 ..\obj\stm32f10x_tim.o
 .debug_abbrev  0x00000000      0x1b0 ..\obj\stm32f10x_tim.o
 .debug_aranges
                0x00000000      0x2f0 ..\obj\stm32f10x_tim.o
 .debug_ranges  0x00000000      0x2e0 ..\obj\stm32f10x_tim.o
 .debug_line    0x00000000      0xaa9 ..\obj\stm32f10x_tim.o
 .debug_str     0x00000000      0xde0 ..\obj\stm32f10x_tim.o
 .comment       0x00000000       0x71 ..\obj\stm32f10x_tim.o
 .debug_frame   0x00000000      0xe2c ..\obj\stm32f10x_tim.o
 .ARM.attributes
                0x00000000       0x33 ..\obj\stm32f10x_tim.o
 .text          0x00000000        0x0 ..\obj\startup_stm32f10x_md_vl.o
 .data          0x00000000        0x0 ..\obj\startup_stm32f10x_md_vl.o
 .bss           0x00000000        0x0 ..\obj\startup_stm32f10x_md_vl.o
 .text          0x00000000        0x0 ..\obj\wh160x_data_exchange.o
 .data          0x00000000        0x0 ..\obj\wh160x_data_exchange.o
 .bss           0x00000000        0x0 ..\obj\wh160x_data_exchange.o
 .text          0x00000000        0x0 ..\obj\system_stm32f10x.o
 .data          0x00000000       0x14 ..\obj\system_stm32f10x.o
 .bss           0x00000000        0x0 ..\obj\system_stm32f10x.o
 .text.SystemCoreClockUpdate
                0x00000000       0xd4 ..\obj\system_stm32f10x.o
 .text          0x00000000        0x0 ..\obj\stm32f10x_gpio.o
 .data          0x00000000        0x0 ..\obj\stm32f10x_gpio.o
 .bss           0x00000000        0x0 ..\obj\stm32f10x_gpio.o
 .text.GPIO_DeInit
                0x00000000       0xe4 ..\obj\stm32f10x_gpio.o
 .text.GPIO_AFIODeInit
                0x00000000       0x18 ..\obj\stm32f10x_gpio.o
 .text.GPIO_StructInit
                0x00000000       0x28 ..\obj\stm32f10x_gpio.o
 .text.GPIO_ReadInputDataBit
                0x00000000       0x34 ..\obj\stm32f10x_gpio.o
 .text.GPIO_ReadInputData
                0x00000000       0x1c ..\obj\stm32f10x_gpio.o
 .text.GPIO_ReadOutputDataBit
                0x00000000       0x34 ..\obj\stm32f10x_gpio.o
 .text.GPIO_ReadOutputData
                0x00000000       0x1c ..\obj\stm32f10x_gpio.o
 .text.GPIO_SetBits
                0x00000000       0x1c ..\obj\stm32f10x_gpio.o
 .text.GPIO_ResetBits
                0x00000000       0x1c ..\obj\stm32f10x_gpio.o
 .text.GPIO_WriteBit
                0x00000000       0x30 ..\obj\stm32f10x_gpio.o
 .text.GPIO_Write
                0x00000000       0x1c ..\obj\stm32f10x_gpio.o
 .text.GPIO_PinLockConfig
                0x00000000       0x44 ..\obj\stm32f10x_gpio.o
 .text.GPIO_EventOutputConfig
                0x00000000       0x4c ..\obj\stm32f10x_gpio.o
 .text.GPIO_EventOutputCmd
                0x00000000       0x20 ..\obj\stm32f10x_gpio.o
 .text.GPIO_PinRemapConfig
                0x00000000       0xe0 ..\obj\stm32f10x_gpio.o
 .text.GPIO_EXTILineConfig
                0x00000000       0x84 ..\obj\stm32f10x_gpio.o
 .text.GPIO_ETH_MediaInterfaceConfig
                0x00000000       0x1c ..\obj\stm32f10x_gpio.o
 .text          0x00000000        0x0 ..\obj\stm32f10x_dac.o
 .data          0x00000000        0x0 ..\obj\stm32f10x_dac.o
 .bss           0x00000000        0x0 ..\obj\stm32f10x_dac.o
 .text.DAC_DeInit
                0x00000000       0x1c ..\obj\stm32f10x_dac.o
 .text.DAC_Init
                0x00000000       0x64 ..\obj\stm32f10x_dac.o
 .text.DAC_StructInit
                0x00000000       0x2c ..\obj\stm32f10x_dac.o
 .text.DAC_Cmd  0x00000000       0x48 ..\obj\stm32f10x_dac.o
 .text.DAC_ITConfig
                0x00000000       0x4c ..\obj\stm32f10x_dac.o
 .text.DAC_DMACmd
                0x00000000       0x4c ..\obj\stm32f10x_dac.o
 .text.DAC_SoftwareTriggerCmd
                0x00000000       0x4c ..\obj\stm32f10x_dac.o
 .text.DAC_DualSoftwareTriggerCmd
                0x00000000       0x38 ..\obj\stm32f10x_dac.o
 .text.DAC_WaveGenerationCmd
                0x00000000       0x4c ..\obj\stm32f10x_dac.o
 .text.DAC_SetChannel1Data
                0x00000000       0x34 ..\obj\stm32f10x_dac.o
 .text.DAC_SetChannel2Data
                0x00000000       0x34 ..\obj\stm32f10x_dac.o
 .text.DAC_SetDualChannelData
                0x00000000       0x58 ..\obj\stm32f10x_dac.o
 .text.DAC_GetDataOutputValue
                0x00000000       0x34 ..\obj\stm32f10x_dac.o
 .text.DAC_GetFlagStatus
                0x00000000       0x3c ..\obj\stm32f10x_dac.o
 .text.DAC_ClearFlag
                0x00000000       0x24 ..\obj\stm32f10x_dac.o
 .text.DAC_GetITStatus
                0x00000000       0x58 ..\obj\stm32f10x_dac.o
 .text.DAC_ClearITPendingBit
                0x00000000       0x24 ..\obj\stm32f10x_dac.o
 .debug_info    0x00000000      0x633 ..\obj\stm32f10x_dac.o
 .debug_abbrev  0x00000000      0x17c ..\obj\stm32f10x_dac.o
 .debug_aranges
                0x00000000       0xa0 ..\obj\stm32f10x_dac.o
 .debug_ranges  0x00000000       0x90 ..\obj\stm32f10x_dac.o
 .debug_line    0x00000000      0x320 ..\obj\stm32f10x_dac.o
 .debug_str     0x00000000      0x446 ..\obj\stm32f10x_dac.o
 .comment       0x00000000       0x71 ..\obj\stm32f10x_dac.o
 .debug_frame   0x00000000      0x2ac ..\obj\stm32f10x_dac.o
 .ARM.attributes
                0x00000000       0x33 ..\obj\stm32f10x_dac.o
 .text          0x00000000        0x0 ..\obj\main.o
 .data          0x00000000        0x0 ..\obj\main.o
 .bss           0x00000000        0x0 ..\obj\main.o
 .text          0x00000000        0x0 ..\obj\wh160x_buffer.o
 .data          0x00000000        0x0 ..\obj\wh160x_buffer.o
 .text          0x00000000        0x0 ..\obj\stm32f10x_rcc.o
 .bss           0x00000000        0x0 ..\obj\stm32f10x_rcc.o
 .text.RCC_DeInit
                0x00000000       0x64 ..\obj\stm32f10x_rcc.o
 .text.RCC_HSEConfig
                0x00000000       0x5c ..\obj\stm32f10x_rcc.o
 .text.RCC_WaitForHSEStartUp
                0x00000000       0x50 ..\obj\stm32f10x_rcc.o
 .text.RCC_AdjustHSICalibrationValue
                0x00000000       0x3c ..\obj\stm32f10x_rcc.o
 .text.RCC_HSICmd
                0x00000000       0x20 ..\obj\stm32f10x_rcc.o
 .text.RCC_PLLConfig
                0x00000000       0x3c ..\obj\stm32f10x_rcc.o
 .text.RCC_PLLCmd
                0x00000000       0x20 ..\obj\stm32f10x_rcc.o
 .text.RCC_PREDIV1Config
                0x00000000       0x40 ..\obj\stm32f10x_rcc.o
 .text.RCC_SYSCLKConfig
                0x00000000       0x38 ..\obj\stm32f10x_rcc.o
 .text.RCC_GetSYSCLKSource
                0x00000000       0x20 ..\obj\stm32f10x_rcc.o
 .text.RCC_HCLKConfig
                0x00000000       0x38 ..\obj\stm32f10x_rcc.o
 .text.RCC_PCLK1Config
                0x00000000       0x38 ..\obj\stm32f10x_rcc.o
 .text.RCC_PCLK2Config
                0x00000000       0x38 ..\obj\stm32f10x_rcc.o
 .text.RCC_ITConfig
                0x00000000       0x4c ..\obj\stm32f10x_rcc.o
 .text.RCC_USBCLKConfig
                0x00000000       0x1c ..\obj\stm32f10x_rcc.o
 .text.RCC_ADCCLKConfig
                0x00000000       0x38 ..\obj\stm32f10x_rcc.o
 .text.RCC_LSEConfig
                0x00000000       0x40 ..\obj\stm32f10x_rcc.o
 .text.RCC_LSICmd
                0x00000000       0x20 ..\obj\stm32f10x_rcc.o
 .text.RCC_RTCCLKConfig
                0x00000000       0x24 ..\obj\stm32f10x_rcc.o
 .text.RCC_RTCCLKCmd
                0x00000000       0x20 ..\obj\stm32f10x_rcc.o
 .text.RCC_AHBPeriphClockCmd
                0x00000000       0x3c ..\obj\stm32f10x_rcc.o
 .text.RCC_APB2PeriphResetCmd
                0x00000000       0x3c ..\obj\stm32f10x_rcc.o
 .text.RCC_APB1PeriphResetCmd
                0x00000000       0x3c ..\obj\stm32f10x_rcc.o
 .text.RCC_BackupResetCmd
                0x00000000       0x20 ..\obj\stm32f10x_rcc.o
 .text.RCC_ClockSecuritySystemCmd
                0x00000000       0x20 ..\obj\stm32f10x_rcc.o
 .text.RCC_MCOConfig
                0x00000000       0x20 ..\obj\stm32f10x_rcc.o
 .text.RCC_GetFlagStatus
                0x00000000       0x74 ..\obj\stm32f10x_rcc.o
 .text.RCC_ClearFlag
                0x00000000       0x1c ..\obj\stm32f10x_rcc.o
 .text.RCC_GetITStatus
                0x00000000       0x38 ..\obj\stm32f10x_rcc.o
 .text.RCC_ClearITPendingBit
                0x00000000       0x20 ..\obj\stm32f10x_rcc.o
 .text          0x00000000        0x0 ..\obj\wh160x_driver.o
 .data          0x00000000        0x0 ..\obj\wh160x_driver.o
 .text.LCD_PrintHex
                0x00000000       0xd0 ..\obj\wh160x_driver.o

Memory Configuration

Name             Origin             Length             Attributes
rom              0x08000000         0x00020000         xr
ram              0x20000000         0x00002000         xrw
*default*        0x00000000         0xffffffff

Linker script and memory map

                0x20002000                _eram = 0x20002000

.text           0x08000000     0x1024
 *(.isr_vector)
 .isr_vector    0x08000000      0x124 ..\obj\startup_stm32f10x_md_vl.o
                0x08000000                g_pfnVectors
 *(.text*)
 .text.Default_Reset_Handler
                0x08000124       0x5c ..\obj\startup_stm32f10x_md_vl.o
                0x08000124                Default_Reset_Handler
                0x08000124                Reset_Handler
 .text.Default_Handler
                0x08000180        0x8 ..\obj\startup_stm32f10x_md_vl.o
                0x08000180                EXTI2_IRQHandler
                0x08000180                DebugMon_Handler
                0x08000180                TIM1_CC_IRQHandler
                0x08000180                HardFault_Handler
                0x08000180                SysTick_Handler
                0x08000180                PVD_IRQHandler
                0x08000180                PendSV_Handler
                0x08000180                NMI_Handler
                0x08000180                EXTI3_IRQHandler
                0x08000180                EXTI0_IRQHandler
                0x08000180                I2C2_EV_IRQHandler
                0x08000180                TIM1_UP_TIM16_IRQHandler
                0x08000180                UsageFault_Handler
                0x08000180                SPI1_IRQHandler
                0x08000180                TAMPER_IRQHandler
                0x08000180                DMA1_Channel4_IRQHandler
                0x08000180                ADC1_IRQHandler
                0x08000180                USART3_IRQHandler
                0x08000180                RTC_IRQHandler
                0x08000180                DMA1_Channel7_IRQHandler
                0x08000180                TIM4_IRQHandler
                0x08000180                I2C1_EV_IRQHandler
                0x08000180                DMA1_Channel6_IRQHandler
                0x08000180                RCC_IRQHandler
                0x08000180                DMA1_Channel1_IRQHandler
                0x08000180                CEC_IRQHandler
                0x08000180                EXTI15_10_IRQHandler
                0x08000180                TIM7_IRQHandler
                0x08000180                EXTI9_5_IRQHandler
                0x08000180                SPI2_IRQHandler
                0x08000180                MemManage_Handler
                0x08000180                SVC_Handler
                0x08000180                DMA1_Channel5_IRQHandler
                0x08000180                EXTI4_IRQHandler
                0x08000180                TIM1_TRG_COM_TIM17_IRQHandler
                0x08000180                DMA1_Channel3_IRQHandler
                0x08000180                WWDG_IRQHandler
                0x08000180                TIM2_IRQHandler
                0x08000180                EXTI1_IRQHandler
                0x08000180                RTCAlarm_IRQHandler
                0x08000180                USART2_IRQHandler
                0x08000180                I2C2_ER_IRQHandler
                0x08000180                DMA1_Channel2_IRQHandler
                0x08000180                FLASH_IRQHandler
                0x08000180                BusFault_Handler
                0x08000180                USART1_IRQHandler
                0x08000180                I2C1_ER_IRQHandler
                0x08000180                TIM1_BRK_TIM15_IRQHandler
 .text.LCD_SendByte
                0x08000188      0x124 ..\obj\wh160x_data_exchange.o
                0x08000188                LCD_SendByte
 .text.LCD_Out4BitsToPort
                0x080002ac       0xa0 ..\obj\wh160x_data_exchange.o
                0x080002ac                LCD_Out4BitsToPort
 .text.TIM6_DAC_IRQHandler
                0x0800034c       0x5c ..\obj\wh160x_data_exchange.o
                0x0800034c                TIM6_DAC_IRQHandler
 .text.LCD_TimeInterval
                0x080003a8       0x34 ..\obj\wh160x_data_exchange.o
                0x080003a8                LCD_TimeInterval
 .text.LCD_DataStrobe
                0x080003dc       0x18 ..\obj\wh160x_data_exchange.o
                0x080003dc                LCD_DataStrobe
 .text.SystemInit
                0x080003f4       0x6c ..\obj\system_stm32f10x.o
                0x080003f4                SystemInit
 .text.SetSysClock
                0x08000460        0xc ..\obj\system_stm32f10x.o
 .text.SetSysClockTo24
                0x0800046c       0xd4 ..\obj\system_stm32f10x.o
 .text.GPIO_Init
                0x08000540      0x180 ..\obj\stm32f10x_gpio.o
                0x08000540                GPIO_Init
 .text.NVIC_EnableIRQ
                0x080006c0       0x30 ..\obj\main.o
 .text.NVIC_SetPriority
                0x080006f0       0x54 ..\obj\main.o
 .text.main     0x08000744       0xc0 ..\obj\main.o
                0x08000744                main
 .text.TIM3_IRQHandler
                0x08000804       0x70 ..\obj\main.o
                0x08000804                TIM3_IRQHandler
 .text.LCD_BufferPush
                0x08000874       0x74 ..\obj\wh160x_buffer.o
                0x08000874                LCD_BufferPush
 .text.LCD_BufferPop
                0x080008e8       0x74 ..\obj\wh160x_buffer.o
                0x080008e8                LCD_BufferPop
 .text.RCC_GetClocksFreq
                0x0800095c      0x15c ..\obj\stm32f10x_rcc.o
                0x0800095c                RCC_GetClocksFreq
 .text.RCC_APB2PeriphClockCmd
                0x08000ab8       0x3c ..\obj\stm32f10x_rcc.o
                0x08000ab8                RCC_APB2PeriphClockCmd
 .text.RCC_APB1PeriphClockCmd
                0x08000af4       0x3c ..\obj\stm32f10x_rcc.o
                0x08000af4                RCC_APB1PeriphClockCmd
 .text.NVIC_EnableIRQ
                0x08000b30       0x30 ..\obj\wh160x_driver.o
 .text.LCD_MCPortsInit
                0x08000b60      0x120 ..\obj\wh160x_driver.o
                0x08000b60                LCD_MCPortsInit
 .text.LCD_CheckConfig
                0x08000c80       0x10 ..\obj\wh160x_driver.o
                0x08000c80                LCD_CheckConfig
 .text.GPIO_Config
                0x08000c90       0x38 ..\obj\wh160x_driver.o
                0x08000c90                GPIO_Config
 .text.LCD_Init
                0x08000cc8       0xc8 ..\obj\wh160x_driver.o
                0x08000cc8                LCD_Init
 .text.LCD_SetCursorPos
                0x08000d90       0x40 ..\obj\wh160x_driver.o
                0x08000d90                LCD_SetCursorPos
 .text.LCD_PrintCommand
                0x08000dd0       0x30 ..\obj\wh160x_driver.o
                0x08000dd0                LCD_PrintCommand
 .text.LCD_PrintByte
                0x08000e00       0x1c ..\obj\wh160x_driver.o
                0x08000e00                LCD_PrintByte
 .text.LCD_PrintChar
                0x08000e1c       0x24 ..\obj\wh160x_driver.o
                0x08000e1c                LCD_PrintChar
 .text.LCD_PrintString
                0x08000e40       0x30 ..\obj\wh160x_driver.o
                0x08000e40                LCD_PrintString
 .text.LCD_PrintDec
                0x08000e70       0x7c ..\obj\wh160x_driver.o
                0x08000e70                LCD_PrintDec
 *(.init)
 *(.fini)
 *crtbegin.o(.ctors)
 *crtbegin?.o(.ctors)
 *(EXCLUDE_FILE(*crtend.o *crtend?.o) .ctors)
 *(SORT(.ctors.*))
 *(.ctors)
 *crtbegin.o(.dtors)
 *crtbegin?.o(.dtors)
 *(EXCLUDE_FILE(*crtend.o *crtend?.o) .dtors)
 *(SORT(.dtors.*))
 *(.dtors)
 *(.rodata*)
 .rodata        0x08000eec       0x20 ..\obj\main.o
 .rodata        0x08000f0c      0x118 ..\obj\wh160x_driver.o
                0x08000f0c                LCD_charTable
 *(.eh_fram e*)

.glue_7         0x08001024        0x0
 .glue_7        0x00000000        0x0 linker stubs

.glue_7t        0x08001024        0x0
 .glue_7t       0x00000000        0x0 linker stubs

.vfp11_veneer   0x08001024        0x0
 .vfp11_veneer  0x00000000        0x0 linker stubs

.v4_bx          0x08001024        0x0
 .v4_bx         0x00000000        0x0 linker stubs

.iplt           0x08001024        0x0
 .iplt          0x00000000        0x0 ..\obj\stm32f10x_tim.o

.rel.dyn        0x08001024        0x0
 .rel.iplt      0x00000000        0x0 ..\obj\stm32f10x_tim.o

.ARM.extab
 *(.ARM.extab* .gnu.linkonce.armextab.*)
                0x08001024                __exidx_start = .

.ARM.exidx
 *(.ARM.exidx* .gnu.linkonce.armexidx.*)
                0x08001024                __exidx_end = .
                0x08001024                __etext = .
                0x08001024                _sidata = __etext

.data           0x20000000       0x14 load address 0x08001024
                0x20000000                __data_start__ = .
                0x20000000                _sdata = __data_start__
 *(vtable)
 *(.data*)
 .data          0x20000000       0x14 ..\obj\stm32f10x_rcc.o
                0x20000014                . = ALIGN (0x4)
                0x20000014                PROVIDE (__preinit_array_start, .)
 *(.preinit_array)
                0x20000014                PROVIDE (__preinit_array_end, .)
                0x20000014                . = ALIGN (0x4)
                0x20000014                PROVIDE (__init_array_start, .)
 *(SORT(.init_array.*))
 *(.init_array)
                0x20000014                PROVIDE (__init_array_end, .)
                0x20000014                . = ALIGN (0x4)
                0x20000014                PROVIDE (__fini_array_start, .)
 *(SORT(.fini_array.*))
 *(.fini_array)
                0x20000014                PROVIDE (__fini_array_end, .)
 *(.jcr*)
                0x20000014                . = ALIGN (0x4)
                0x20000014                __data_end__ = .
                0x20000014                _edata = __data_end__

.igot.plt       0x20000014        0x0 load address 0x08001038
 .igot.plt      0x00000000        0x0 ..\obj\stm32f10x_tim.o

.bss            0x20000014      0x10c load address 0x08001038
                0x20000014                . = ALIGN (0x4)
                0x20000014                __bss_start__ = .
                0x20000014                _sbss = __bss_start__
 *(.bss*)
 .bss           0x20000014        0x2 ..\obj\wh160x_buffer.o
                0x20000014                bufPos
                0x20000015                bufTop
 .bss           0x20000016        0x2 ..\obj\wh160x_driver.o
                0x20000016                lcdState
                0x20000017                bufState
 *(COMMON)
 COMMON         0x20000018        0x1 ..\obj\wh160x_data_exchange.o
                0x20000018                byteToSend
 *fill*         0x20000019        0x1 
 COMMON         0x2000001a        0x6 ..\obj\main.o
                0x2000001a                currentTimer
                0x2000001c                period
                0x2000001e                lastTimer
 COMMON         0x20000020      0x100 ..\obj\wh160x_buffer.o
                0x20000020                lcdBuffer
                0x20000120                . = ALIGN (0x4)
                0x20000120                __bss_end__ = .
                0x20000120                _ebss = __bss_end__

.heap           0x20000120        0x0
                0x20000120                __end__ = .
                0x20000120                _end = __end__
                0x20000120                end = __end__
 *(.heap*)
                0x20000120                __HeapLimit = .

.co_stack       0x20000120      0x400 load address 0x08001144
                0x20000120                . = ALIGN (0x8)
 *(.co_stack .co_stack.*)
 .co_stack      0x20000120      0x400 ..\obj\startup_stm32f10x_md_vl.o
                0x20000120                pulStack
                0x20002000                __StackTop = (ORIGIN (ram) + 0x2000)
                0x20001c00                __StackLimit = (__StackTop - SIZEOF (.co_stack))
                0x20002000                PROVIDE (__stack, __StackTop)
                0x00000001                ASSERT ((__StackLimit >= __HeapLimit), region ram  overflowed with stack)
LOAD ..\obj\stm32f10x_tim.o
LOAD ..\obj\startup_stm32f10x_md_vl.o
LOAD ..\obj\wh160x_data_exchange.o
LOAD ..\obj\system_stm32f10x.o
LOAD ..\obj\stm32f10x_gpio.o
LOAD ..\obj\stm32f10x_dac.o
LOAD ..\obj\main.o
LOAD ..\obj\wh160x_buffer.o
LOAD ..\obj\stm32f10x_rcc.o
LOAD ..\obj\wh160x_driver.o
START GROUP
LOAD c:/coocox/gnu tools arm embedded/4.9 2015q1/bin/../lib/gcc/arm-none-eabi/4.9.3/armv7-m\libgcc.a
LOAD c:/coocox/gnu tools arm embedded/4.9 2015q1/bin/../lib/gcc/arm-none-eabi/4.9.3/../../../../arm-none-eabi/lib/armv7-m\libg.a
LOAD c:/coocox/gnu tools arm embedded/4.9 2015q1/bin/../lib/gcc/arm-none-eabi/4.9.3/../../../../arm-none-eabi/lib/armv7-m\libc.a
END GROUP
OUTPUT(IntervalMeter.elf elf32-littlearm)

.debug_info     0x00000000     0x2dcd
 .debug_info    0x00000000       0xe9 ..\obj\startup_stm32f10x_md_vl.o
 .debug_info    0x000000e9      0x3ff ..\obj\wh160x_data_exchange.o
 .debug_info    0x000004e8      0x41a ..\obj\system_stm32f10x.o
 .debug_info    0x00000902      0x6e7 ..\obj\stm32f10x_gpio.o
 .debug_info    0x00000fe9      0x8da ..\obj\main.o
 .debug_info    0x000018c3      0x14c ..\obj\wh160x_buffer.o
 .debug_info    0x00001a0f      0x8fa ..\obj\stm32f10x_rcc.o
 .debug_info    0x00002309      0xac4 ..\obj\wh160x_driver.o

.debug_abbrev   0x00000000      0xa72
 .debug_abbrev  0x00000000       0xa7 ..\obj\startup_stm32f10x_md_vl.o
 .debug_abbrev  0x000000a7       0xe8 ..\obj\wh160x_data_exchange.o
 .debug_abbrev  0x0000018f      0x14c ..\obj\system_stm32f10x.o
 .debug_abbrev  0x000002db      0x1c8 ..\obj\stm32f10x_gpio.o
 .debug_abbrev  0x000004a3      0x154 ..\obj\main.o
 .debug_abbrev  0x000005f7       0xb5 ..\obj\wh160x_buffer.o
 .debug_abbrev  0x000006ac      0x1ba ..\obj\stm32f10x_rcc.o
 .debug_abbrev  0x00000866      0x20c ..\obj\wh160x_driver.o

.debug_aranges  0x00000000      0x340
 .debug_aranges
                0x00000000       0x28 ..\obj\startup_stm32f10x_md_vl.o
 .debug_aranges
                0x00000028       0x40 ..\obj\wh160x_data_exchange.o
 .debug_aranges
                0x00000068       0x38 ..\obj\system_stm32f10x.o
 .debug_aranges
                0x000000a0       0xa8 ..\obj\stm32f10x_gpio.o
 .debug_aranges
                0x00000148       0x38 ..\obj\main.o
 .debug_aranges
                0x00000180       0x28 ..\obj\wh160x_buffer.o
 .debug_aranges
                0x000001a8      0x120 ..\obj\stm32f10x_rcc.o
 .debug_aranges
                0x000002c8       0x78 ..\obj\wh160x_driver.o

.debug_ranges   0x00000000      0x2c0
 .debug_ranges  0x00000000       0x18 ..\obj\startup_stm32f10x_md_vl.o
 .debug_ranges  0x00000018       0x30 ..\obj\wh160x_data_exchange.o
 .debug_ranges  0x00000048       0x28 ..\obj\system_stm32f10x.o
 .debug_ranges  0x00000070       0x98 ..\obj\stm32f10x_gpio.o
 .debug_ranges  0x00000108       0x28 ..\obj\main.o
 .debug_ranges  0x00000130       0x18 ..\obj\wh160x_buffer.o
 .debug_ranges  0x00000148      0x110 ..\obj\stm32f10x_rcc.o
 .debug_ranges  0x00000258       0x68 ..\obj\wh160x_driver.o

.debug_line     0x00000000     0x13cf
 .debug_line    0x00000000       0xa0 ..\obj\startup_stm32f10x_md_vl.o
 .debug_line    0x000000a0      0x21c ..\obj\wh160x_data_exchange.o
 .debug_line    0x000002bc      0x1f4 ..\obj\system_stm32f10x.o
 .debug_line    0x000004b0      0x381 ..\obj\stm32f10x_gpio.o
 .debug_line    0x00000831      0x1c5 ..\obj\main.o
 .debug_line    0x000009f6      0x170 ..\obj\wh160x_buffer.o
 .debug_line    0x00000b66      0x4a6 ..\obj\stm32f10x_rcc.o
 .debug_line    0x0000100c      0x3c3 ..\obj\wh160x_driver.o

.debug_str      0x00000000     0x1278
 .debug_str     0x00000000      0x133 ..\obj\startup_stm32f10x_md_vl.o
                                0x145 (size before relaxing)
 .debug_str     0x00000133      0x274 ..\obj\wh160x_data_exchange.o
                                0x34f (size before relaxing)
 .debug_str     0x000003a7      0x15d ..\obj\system_stm32f10x.o
                                0x2dd (size before relaxing)
 .debug_str     0x00000504      0x399 ..\obj\stm32f10x_gpio.o
                                0x51c (size before relaxing)
 .debug_str     0x0000089d      0x360 ..\obj\main.o
                                0x68e (size before relaxing)
 .debug_str     0x00000bfd       0x77 ..\obj\wh160x_buffer.o
                                0x1ba (size before relaxing)
 .debug_str     0x00000c74      0x418 ..\obj\stm32f10x_rcc.o
                                0x670 (size before relaxing)
 .debug_str     0x0000108c      0x1ec ..\obj\wh160x_driver.o
                                0x913 (size before relaxing)

.comment        0x00000000       0x70
 .comment       0x00000000       0x70 ..\obj\startup_stm32f10x_md_vl.o
                                 0x71 (size before relaxing)
 .comment       0x00000000       0x71 ..\obj\wh160x_data_exchange.o
 .comment       0x00000000       0x71 ..\obj\system_stm32f10x.o
 .comment       0x00000000       0x71 ..\obj\stm32f10x_gpio.o
 .comment       0x00000000       0x71 ..\obj\main.o
 .comment       0x00000000       0x71 ..\obj\wh160x_buffer.o
 .comment       0x00000000       0x71 ..\obj\stm32f10x_rcc.o
 .comment       0x00000000       0x71 ..\obj\wh160x_driver.o

.ARM.attributes
                0x00000000       0x33
 .ARM.attributes
                0x00000000       0x33 ..\obj\startup_stm32f10x_md_vl.o
 .ARM.attributes
                0x00000033       0x33 ..\obj\wh160x_data_exchange.o
 .ARM.attributes
                0x00000066       0x33 ..\obj\system_stm32f10x.o
 .ARM.attributes
                0x00000099       0x33 ..\obj\stm32f10x_gpio.o
 .ARM.attributes
                0x000000cc       0x33 ..\obj\main.o
 .ARM.attributes
                0x000000ff       0x33 ..\obj\wh160x_buffer.o
 .ARM.attributes
                0x00000132       0x33 ..\obj\stm32f10x_rcc.o
 .ARM.attributes
                0x00000165       0x33 ..\obj\wh160x_driver.o

.debug_frame    0x00000000      0xc3c
 .debug_frame   0x00000000       0x4c ..\obj\startup_stm32f10x_md_vl.o
 .debug_frame   0x0000004c       0xa8 ..\obj\wh160x_data_exchange.o
 .debug_frame   0x000000f4       0x98 ..\obj\system_stm32f10x.o
 .debug_frame   0x0000018c      0x2d0 ..\obj\stm32f10x_gpio.o
 .debug_frame   0x0000045c       0x98 ..\obj\main.o
 .debug_frame   0x000004f4       0x60 ..\obj\wh160x_buffer.o
 .debug_frame   0x00000554      0x51c ..\obj\stm32f10x_rcc.o
 .debug_frame   0x00000a70      0x1cc ..\obj\wh160x_driver.o
